[dotenv@17.2.2] injecting env (14) from .env -- tip: ⚙️  enable debug logging with { debug: true }
✅ Azure Container Apps Service initialized: {
  resourceGroup: 'Careerate',
  environment: 'careerate-agents-env',
  registry: 'careerateacr'
}
🏥 Health Monitor Agent initialized
🚀 Health Monitor Agent starting...
[dotenv@17.2.2] injecting env (0) from .env -- tip: ⚙️  suppress all logs with { quiet: true }
=== Setting up Authentication ===
Environment check: {
  NODE_ENV: 'development',
  AZURE_TENANT_ID: 'set',
  AZURE_CLIENT_ID: 'set',
  AZURE_CLIENT_SECRET: 'set',
  GITHUB_CLIENT_ID: 'missing',
  GITHUB_CLIENT_SECRET: 'missing',
  DATABASE_URL: 'set',
  SESSION_SECRET: 'set'
}
12:41:01 PM [express] Collaboration WebSocket server initialized on /ws/collaboration
12:41:01 PM [express] serving on port 5000
🚀 Careerate server running on port 5000
🔗 Production URL: https://gocareerate.com
🔗 Direct URL: https://careerate-web.politetree-6f564ad5.westus2.azurecontainerapps.io
⚠️  Health Monitor already running
🏥 Health Monitor started - monitoring active deployments
📋 Found 0 active deployments to monitor
✅ Health Monitor Agent started - monitoring 0 apps
